Traceback (most recent call last):
  File "/home/runner/local/lib/python3.14/site-packages/jupyter_cache/executors/utils.py", line 58, in single_nb_execution
    executenb(
    ~~~~~~~~~^
        nb,
        ^^^
    ...<4 lines>...
        **kwargs,
        ^^^^^^^^^
    )
    ^
  File "/home/runner/local/lib/python3.14/site-packages/nbclient/client.py", line 1323, in execute
    return NotebookClient(nb=nb, resources=resources, km=km, **kwargs).execute()
           ~~~~~~~~~~~~~~~~~~~~~~~~~~~~~~~~~~~~~~~~~~~~~~~~~~~~~~~~~~~~~~~~~~~^^
  File "/home/runner/local/lib/python3.14/site-packages/jupyter_core/utils/__init__.py", line 165, in wrapped
    return loop.run_until_complete(inner)
           ~~~~~~~~~~~~~~~~~~~~~~~^^^^^^^
  File "/home/runner/local/lib/python3.14/asyncio/base_events.py", line 719, in run_until_complete
    return future.result()
           ~~~~~~~~~~~~~^^
  File "/home/runner/local/lib/python3.14/site-packages/nbclient/client.py", line 709, in async_execute
    await self.async_execute_cell(
        cell, index, execution_count=self.code_cells_executed + 1
    )
  File "/home/runner/local/lib/python3.14/site-packages/nbclient/client.py", line 1062, in async_execute_cell
    await self._check_raise_for_error(cell, cell_index, exec_reply)
  File "/home/runner/local/lib/python3.14/site-packages/nbclient/client.py", line 918, in _check_raise_for_error
    raise CellExecutionError.from_cell_and_msg(cell, exec_reply_content)
nbclient.exceptions.CellExecutionError: An error occurred while executing the following cell:
------------------
udp_lf = pk.trajopt.sf_pl2pl(
        pls=p1,
        plf=p2,
        ms=ms,
        mu=mu,
        max_thrust=max_thrust,
        veff=veff,
        t0_bounds=[t0_lb, t0_ub],
        tof_bounds=[tof_lb,tof],
        mf_bounds=[ms*0.25, ms],
        vinfs=0.,
        vinff=0.,
        nseg=nseg,
        cut=0.6,
        mass_scaling=ms,
        r_scaling=pk.AU,
        v_scaling=pk.EARTH_VELOCITY,
        with_gradient=False,
        high_fidelity=False
)

udp_alpha = pk.trajopt.sf_pl2pl_alpha(
        pls=p1,
        plf=p2,
        ms=ms,
        mu=mu,
        max_thrust=max_thrust,
        veff=veff,
        t0_bounds=[t0_lb, t0_ub],
        tof_bounds=[tof_lb,tof],
        mf_bounds=[ms*0.25, ms],
        vinfs=0.,
        vinff=0.,
        nseg=nseg,
        cut=0.6,
        mass_scaling=ms,
        r_scaling=pk.AU,
        v_scaling=pk.EARTH_VELOCITY,
        high_fidelity=False
)
------------------


[31m---------------------------------------------------------------------------[39m
[31mTypeError[39m                                 Traceback (most recent call last)
[36mCell[39m[36m [39m[32mIn[3][39m[32m, line 1[39m
[32m----> [39m[32m1[39m udp_lf = [43mpk[49m[43m.[49m[43mtrajopt[49m[43m.[49m[43msf_pl2pl[49m[43m([49m
[32m      2[39m [43m        [49m[43mpls[49m[43m=[49m[43mp1[49m[43m,[49m
[32m      3[39m [43m        [49m[43mplf[49m[43m=[49m[43mp2[49m[43m,[49m
[32m      4[39m [43m        [49m[43mms[49m[43m=[49m[43mms[49m[43m,[49m
[32m      5[39m [43m        [49m[43mmu[49m[43m=[49m[43mmu[49m[43m,[49m
[32m      6[39m [43m        [49m[43mmax_thrust[49m[43m=[49m[43mmax_thrust[49m[43m,[49m
[32m      7[39m [43m        [49m[43mveff[49m[43m=[49m[43mveff[49m[43m,[49m
[32m      8[39m [43m        [49m[43mt0_bounds[49m[43m=[49m[43m[[49m[43mt0_lb[49m[43m,[49m[43m [49m[43mt0_ub[49m[43m][49m[43m,[49m
[32m      9[39m [43m        [49m[43mtof_bounds[49m[43m=[49m[43m[[49m[43mtof_lb[49m[43m,[49m[43mtof[49m[43m][49m[43m,[49m
[32m     10[39m [43m        [49m[43mmf_bounds[49m[43m=[49m[43m[[49m[43mms[49m[43m*[49m[32;43m0.25[39;49m[43m,[49m[43m [49m[43mms[49m[43m][49m[43m,[49m
[32m     11[39m [43m        [49m[43mvinfs[49m[43m=[49m[32;43m0.[39;49m[43m,[49m
[32m     12[39m [43m        [49m[43mvinff[49m[43m=[49m[32;43m0.[39;49m[43m,[49m
[32m     13[39m [43m        [49m[43mnseg[49m[43m=[49m[43mnseg[49m[43m,[49m
[32m     14[39m [43m        [49m[43mcut[49m[43m=[49m[32;43m0.6[39;49m[43m,[49m
[32m     15[39m [43m        [49m[43mmass_scaling[49m[43m=[49m[43mms[49m[43m,[49m
[32m     16[39m [43m        [49m[43mr_scaling[49m[43m=[49m[43mpk[49m[43m.[49m[43mAU[49m[43m,[49m
[32m     17[39m [43m        [49m[43mv_scaling[49m[43m=[49m[43mpk[49m[43m.[49m[43mEARTH_VELOCITY[49m[43m,[49m
[32m     18[39m [43m        [49m[43mwith_gradient[49m[43m=[49m[38;5;28;43;01mFalse[39;49;00m[43m,[49m
[32m     19[39m [43m        [49m[43mhigh_fidelity[49m[43m=[49m[38;5;28;43;01mFalse[39;49;00m
[32m     20[39m [43m)[49m
[32m     22[39m udp_alpha = pk.trajopt.sf_pl2pl_alpha(
[32m     23[39m         pls=p1,
[32m     24[39m         plf=p2,
[32m   (...)[39m[32m     39[39m         high_fidelity=[38;5;28;01mFalse[39;00m
[32m     40[39m )

[31mTypeError[39m: sf_pl2pl.__init__() got an unexpected keyword argument 'high_fidelity'

